../Core/Src/main.c:138:5:main	88	static
../Core/Src/main.c:302:6:SystemClock_Config	88	static
../Core/Src/main.c:348:13:MX_ADC1_Init	24	static
../Core/Src/main.c:400:13:MX_ADC2_Init	24	static
../Core/Src/main.c:452:13:MX_ADC3_Init	24	static
../Core/Src/main.c:504:13:MX_CAN1_Init	8	static
../Core/Src/main.c:541:13:MX_TIM1_Init	56	static
../Core/Src/main.c:591:13:MX_TIM2_Init	56	static
../Core/Src/main.c:640:13:MX_TIM3_Init	56	static
../Core/Src/main.c:689:13:MX_TIM4_Init	64	static
../Core/Src/main.c:752:13:MX_TIM5_Init	64	static
../Core/Src/main.c:815:13:MX_TIM7_Init	16	static
../Core/Src/main.c:853:13:MX_TIM8_Init	96	static
../Core/Src/main.c:932:13:MX_TIM9_Init	40	static
../Core/Src/main.c:974:13:MX_TIM10_Init	8	static
../Core/Src/main.c:1005:13:MX_TIM12_Init	40	static
../Core/Src/main.c:1045:13:MX_DMA_Init	16	static
../Core/Src/main.c:1058:13:MX_GPIO_Init	56	static
../Core/Src/main.c:1107:6:Error_Handler	4	static,ignoring_inline_asm
